
> game4@0.1.0 build /Users/mac/projects/cocos-game-studio/frontend
> next build

▲ Next.js 16.3.0 (Turbopack)
- Environments: .env.local
✓ Running next.config.ts took 63ms

⚠ The "middleware" file convention is deprecated. Please use "proxy" instead.

  To migrate automatically, run:
  npx @next/codemod@canary middleware-to-proxy .

  Learn more: https://nextjs.org/docs/messages/middleware-to-proxy
  Creating an optimized production build ...
✓ Compiled successfully in 693ms
  Running TypeScript ...
  Finished TypeScript in 1086ms ...
  Collecting page data using 9 workers ...
  Generating static pages using 9 workers (0/18) ...
  Generating static pages using 9 workers (4/18)
  Generating static pages using 9 workers (8/18)
  Generating static pages using 9 workers (13/18)
✓ Generating static pages using 9 workers (18/18) in 160ms
  Finalizing page optimization ...

Route (app)
┌ ○ /
├ ○ /_not-found
├ ƒ /admin
├ ○ /eight-ball
├ ○ /fish-hunter
├ ○ /fish-hunter/lobby
├ ○ /fruit-slasher
├ ○ /ludo
├ ○ /manifest.webmanifest
├ ○ /neon-strike
├ ○ /neon-strike-2d
├ ○ /neon-strike-2d/lobby
├ ○ /offline
├ ○ /star-runner
├ ○ /thirteen
├ ○ /triple-pile
└ ○ /umo


ƒ Proxy (Middleware)

○  (Static)   prerendered as static content
ƒ  (Dynamic)  server-rendered on demand
