
> game4@0.1.0 build /Users/mac/projects/cocos-game-studio/releases/qubaowan-brand-v1
> next build --webpack && node tools/pwa/build-precache-manifest.mjs

▲ Next.js 16.3.0 (webpack)
✓ Running next.config.ts took 114ms

⚠ The "middleware" file convention is deprecated. Please use "proxy" instead.

  To migrate automatically, run:
  npx @next/codemod@canary middleware-to-proxy .

  Learn more: https://nextjs.org/docs/messages/middleware-to-proxy
  Creating an optimized production build ...
✓ Compiled successfully in 13.3s
  Running TypeScript ...
  Finished TypeScript in 4.7s ...
  Collecting page data using 9 workers ...
  Generating static pages using 9 workers (0/20) ...
  Generating static pages using 9 workers (5/20)
  Generating static pages using 9 workers (10/20)
  Generating static pages using 9 workers (15/20)
✓ Generating static pages using 9 workers (20/20) in 843ms
  Finalizing page optimization ...
  Collecting build traces ...

Route (app)
┌ ○ /
├ ○ /_not-found
├ ƒ /admin
├ ƒ /auth
├ ○ /eight-ball
├ ○ /fish-hunter
├ ○ /fish-hunter/lobby
├ ○ /fruit-slasher
├ ○ /ludo
├ ○ /manifest.webmanifest
├ ○ /neon-strike
├ ○ /neon-strike-2d
├ ○ /neon-strike-2d/lobby
├ ○ /offline
├ ○ /star-runner
├ ○ /thirteen
├ ○ /thirteen-social
├ ○ /triple-pile
├ ○ /umo
└ ƒ /voice/[roomId]


ƒ Proxy (Middleware)

○  (Static)   prerendered as static content
ƒ  (Dynamic)  server-rendered on demand

pwa-precache.json: v103, 103 files, 18.3 MB
